/home/pavel/src/postgresql/contrib/plpgsql_lint/expected/plpgsql_lint-9.1.out