load 'plpgsql';
load 'plpgsql_lint';
create table t1(a int, b int);
create function f1()
returns void as $$
begin
  if false then
    update t1 set c = 30;
  end if;
end;
$$ language plpgsql;
select f1();
ERROR:  column "c" of relation "t1" does not exist
LINE 1: update t1 set c = 30
                      ^
QUERY:  update t1 set c = 30
CONTEXT:  PL/pgSQL function "f1" line 3 at SQL statement
drop function f1();
create function g1(out a int, out b int)
as $$
  select 10,20;
$$ language sql;
create function f1()
returns void as $$
declare r record;
begin
  r := g1();
  if false then 
    raise notice '%', r.c;
  end if;
end;
$$ language plpgsql;
select f1();
ERROR:  record "r" has no field "c"
CONTEXT:  SQL statement "SELECT r.c"
PL/pgSQL function "f1" line 5 at RAISE
drop function f1();
drop function g1();
create function g1(out a int, out b int)
returns setof record as $$
select * from t1;
$$ language sql;
create function f1()
returns void as $$
declare r record;
begin
  for r in select * from g1()
  loop
    raise notice '%', r.c;
  end loop;
end;
$$ language plpgsql;
select f1();
ERROR:  record "r" has no field "c"
CONTEXT:  SQL statement "SELECT r.c"
PL/pgSQL function "f1" line 5 at RAISE
/*
 * This is limit of current version, because a bug is 
 * in plpgsql statement, not in sql expression. Actually
 * statements are not checked.
 */
create or replace function f1()
returns void as $$
declare r record;
begin
  for r in select * from g1()
  loop
    r.c := 20;
  end loop;
end;
$$ language plpgsql;
-- doesn't raise error
select f1();
 f1 
----
 
(1 row)

drop function f1();
drop function g1();
create function f1()
returns int as $$
declare r int;
begin
  if false then
    r := a + b;
  end if;
  return r;
end;
$$ language plpgsql;
select f1();
ERROR:  column "a" does not exist
LINE 1: SELECT a + b
               ^
QUERY:  SELECT a + b
CONTEXT:  PL/pgSQL function "f1" line 4 at assignment
drop function f1();
